// Jest Snapshot v1, https://goo.gl/fbAQLP

exports[`renders correctly 1`] = `
<div>
  <div
    className="ui pagination menu"
  >
    <a
      className="active item"
      onClick={[Function]}
    >
      1
    </a>
    <a
      className="item"
      onClick={[Function]}
    >
      2
    </a>
    <a
      className="item"
      onClick={[Function]}
    >
      3
    </a>
    <a
      className="item"
      onClick={[Function]}
    >
      4
    </a>
    <a
      className="item"
      onClick={[Function]}
    >
      5
    </a>
    <a
      className="item"
      onClick={[Function]}
    >
      6
    </a>
    <div
      className="disabled item"
      onClick={[Function]}
    >
      ...
    </div>
    <a
      className="item"
      onClick={[Function]}
    >
      10
    </a>
    <a
      className="item"
      onClick={[Function]}
    >
      <i
        aria-hidden="true"
        className="chevron circle right icon"
      />
    </a>
  </div>
</div>
`;
